[debug] [2026-08-28T14:45:44.145Z] ----------------------------------------------------------------------
[debug] [2026-08-28T14:45:44.148Z] Command:       C:\Program Files\nodejs\node.exe C:\Users\luizp\AppData\Roaming\npm\node_modules\firebase-tools\lib\bin\firebase.js init hosting
[debug] [2026-08-28T14:45:44.148Z] CLI Version:   15.28.2
[debug] [2026-08-28T14:45:44.149Z] Platform:      win32
[debug] [2026-08-28T14:45:44.149Z] Node Version:  v22.16.0
[debug] [2026-08-28T14:45:44.149Z] Detected Agent: unknown
[debug] [2026-08-28T14:45:44.149Z] Time:          Fri Aug 28 2026 11:45:44 GMT-0300 (Horário Padrão de Brasília)
[debug] [2026-08-28T14:45:44.149Z] ----------------------------------------------------------------------
[debug] 
[info] 
     ######## #### ########  ######## ########     ###     ######  ########
     ##        ##  ##     ## ##       ##     ##  ##   ##  ##       ##
     ######    ##  ########  ######   ########  #########  ######  ######
     ##        ##  ##    ##  ##       ##     ## ##     ##       ## ##
     ##       #### ##     ## ######## ########  ##     ##  ######  ########

You're about to initialize a Firebase project in this directory:

  C:\github\webappssvp.github.io

Before we get started, keep in mind:

  * You are currently outside your home directory

[info] 
=== Project Setup
[info] 
[info] First, let's associate this project directory with a Firebase project.
[info] You can create multiple project aliases by running firebase use --add, 
[info] 
[debug] [2026-08-28T14:45:57.576Z] > command requires scopes: ["email","openid","https://www.googleapis.com/auth/cloudplatformprojects.readonly","https://www.googleapis.com/auth/firebase","https://www.googleapis.com/auth/cloud-platform"]
[debug] [2026-08-28T14:45:57.577Z] > authorizing via signed-in user (webapp.ssvp@gmail.com)
[debug] [2026-08-28T14:45:57.599Z] Checked if tokens are valid: true, expires at: 1787931888960
[debug] [2026-08-28T14:45:57.599Z] Checked if tokens are valid: true, expires at: 1787931888960
[debug] [2026-08-28T14:45:57.601Z] >>> [apiv2][query] GET https://firebase.googleapis.com/v1beta1/projects pageSize=100
[debug] [2026-08-28T14:45:58.319Z] <<< [apiv2][status] GET https://firebase.googleapis.com/v1beta1/projects 200
[debug] [2026-08-28T14:45:58.319Z] <<< [apiv2][body] GET https://firebase.googleapis.com/v1beta1/projects [omitted]
[info] 
=== Hosting Setup
[debug] [2026-08-28T14:46:13.811Z] Checked if tokens are valid: true, expires at: 1787931888960
[debug] [2026-08-28T14:46:13.811Z] Checked if tokens are valid: true, expires at: 1787931888960
[debug] [2026-08-28T14:46:13.811Z] >>> [apiv2][query] GET https://firebase.googleapis.com/v1beta1/projects/ssvpsp-a1ce2 [none]
[debug] [2026-08-28T14:46:14.216Z] <<< [apiv2][status] GET https://firebase.googleapis.com/v1beta1/projects/ssvpsp-a1ce2 200
[debug] [2026-08-28T14:46:14.217Z] <<< [apiv2][body] GET https://firebase.googleapis.com/v1beta1/projects/ssvpsp-a1ce2 {"projectId":"ssvpsp-a1ce2","projectNumber":"918671797445","displayName":"ssvpsp","name":"projects/ssvpsp-a1ce2","resources":{"hostingSite":"ssvpsp-a1ce2"},"state":"ACTIVE","labels":{"firebase":"enabled"},"etag":"1_52c2f97e-f2db-4c7f-a6c5-db3e42105b85"}
[info] 
[info] Your public directory is the folder (relative to your project directory) that
[info] will contain Hosting assets to be uploaded with firebase deploy. If you
[info] have a build process for your assets, use your build's output directory.
[info] 
[info] 
[info] i  Detected a .git folder at C:\github\webappssvp.github.io 
[info] i  Authorizing with GitHub to upload your service account to a GitHub repository's secrets store. 
[info] 
[info] Visit this URL on this device to log in:
[info] https://github.com/login/oauth/authorize?client_id=89cf50f02ac6aaed3484&state=251067874&redirect_uri=http%3A%2F%2Flocalhost%3A9005&scope=read%3Auser%20repo%20public_repo
[info] 
[info] Waiting for authentication...
